2026-07-27 18:43:44,713 - ERROR - Failed to get max_id: (pyodbc.OperationalError) ('08001', '[08001] [Microsoft][ODBC Driver 18 for SQL Server]TCP Provider: Timeout error [258].  (258) (SQLDriverConnect); [08001] [Microsoft][ODBC Driver 18 for SQL Server]Login timeout expired (0); [08001] [Microsoft][ODBC Driver 18 for SQL Server]Unable to complete login process due to delay in login response (258)')
(Background on this error at: https://sqlalche.me/e/20/e3q8)
2026-07-27 18:43:59,946 - ERROR - Failed to get restaurant_id: (pyodbc.OperationalError) ('08001', '[08001] [Microsoft][ODBC Driver 18 for SQL Server]TCP Provider: Timeout error [258].  (258) (SQLDriverConnect); [08001] [Microsoft][ODBC Driver 18 for SQL Server]Login timeout expired (0); [08001] [Microsoft][ODBC Driver 18 for SQL Server]Unable to complete login process due to delay in login response (258)')
(Background on this error at: https://sqlalche.me/e/20/e3q8)
2026-07-27 18:45:19,964 - INFO - max_id aqquired: 90000
2026-07-27 18:45:20,163 - INFO - restaurant_id aqquired: [1, 2, 3, 4, 5, 6, 7, 8, 9, 10]
2026-07-27 18:45:20,351 - INFO - Request URL: 'https://restaurantpipelineblob.blob.core.windows.net/restaurantpipelineblob/2026-07-27.json'
Request method: 'PUT'
Request headers:
    'Content-Length': '13310'
    'x-ms-blob-type': 'REDACTED'
    'x-ms-version': 'REDACTED'
    'Content-Type': 'application/octet-stream'
    'Accept': 'application/xml'
    'User-Agent': 'azsdk-python-storage-blob/12.30.0 Python/3.14.2 (Windows-11-10.0.26200-SP0)'
    'x-ms-date': 'REDACTED'
    'x-ms-client-request-id': '3a5dd25c-8a15-11f1-aa70-b81ea43c3c2a'
    'Authorization': 'REDACTED'
A body is sent with the request
2026-07-27 18:45:21,824 - INFO - Response status: 404
Response headers:
    'Content-Length': '225'
    'Content-Type': 'application/xml'
    'Server': 'Windows-Azure-Blob/1.0 Microsoft-HTTPAPI/2.0'
    'x-ms-request-id': 'a24c1055-501e-0043-7421-1e2248000000'
    'x-ms-client-request-id': '3a5dd25c-8a15-11f1-aa70-b81ea43c3c2a'
    'x-ms-version': 'REDACTED'
    'x-ms-error-code': 'ContainerNotFound'
    'Date': 'Mon, 27 Jul 2026 23:45:20 GMT'
2026-07-27 18:45:21,833 - ERROR - Failed to make blob: The specified container does not exist.
RequestId:a24c1055-501e-0043-7421-1e2248000000
Time:2026-07-27T23:45:20.8679146Z
ErrorCode:ContainerNotFound
Content: <?xml version="1.0" encoding="utf-8"?><Error><Code>ContainerNotFound</Code><Message>The specified container does not exist.
RequestId:a24c1055-501e-0043-7421-1e2248000000
Time:2026-07-27T23:45:20.8679146Z</Message></Error>
2026-07-27 18:45:22,521 - INFO - Inserted daily transactions successfully
2026-07-27 18:47:36,049 - INFO - max_id aqquired: 90123
2026-07-27 18:47:36,257 - INFO - restaurant_id aqquired: [1, 2, 3, 4, 5, 6, 7, 8, 9, 10]
2026-07-27 18:47:36,527 - INFO - Request URL: 'https://restaurantpipelineblob.blob.core.windows.net/restaurantpipelineblobed/2026-07-27.json'
Request method: 'PUT'
Request headers:
    'Content-Length': '13312'
    'x-ms-blob-type': 'REDACTED'
    'x-ms-version': 'REDACTED'
    'Content-Type': 'application/octet-stream'
    'Accept': 'application/xml'
    'User-Agent': 'azsdk-python-storage-blob/12.30.0 Python/3.14.2 (Windows-11-10.0.26200-SP0)'
    'x-ms-date': 'REDACTED'
    'x-ms-client-request-id': '8b8a9fca-8a15-11f1-86fd-b81ea43c3c2a'
    'Authorization': 'REDACTED'
A body is sent with the request
2026-07-27 18:47:37,569 - INFO - Response status: 201
Response headers:
    'Content-Length': '0'
    'Content-MD5': 'REDACTED'
    'Last-Modified': 'Mon, 27 Jul 2026 23:47:36 GMT'
    'ETag': '"0x8DEEC396FCBA230"'
    'Server': 'Windows-Azure-Blob/1.0 Microsoft-HTTPAPI/2.0'
    'x-ms-request-id': '5038184a-c01e-0051-0222-1e5998000000'
    'x-ms-client-request-id': '8b8a9fca-8a15-11f1-86fd-b81ea43c3c2a'
    'x-ms-version': 'REDACTED'
    'x-ms-content-crc64': 'REDACTED'
    'x-ms-request-server-encrypted': 'REDACTED'
    'Date': 'Mon, 27 Jul 2026 23:47:35 GMT'
2026-07-27 18:47:38,301 - INFO - Inserted daily transactions successfully
